// Jest Snapshot v1, https://goo.gl/fbAQLP

exports[`Component: TableColumnsPicker should render TableColumnsPicker with correct props 1`] = `
<Dropdown
  dropdownRender={[Function]}
  getPopupContainer={[Function]}
  onOpenChange={[Function]}
  open={false}
  trigger={
    Array [
      "click",
    ]
  }
>
  <div
    key="1"
  >
    Column
  </div>
</Dropdown>
`;

exports[`Component: TableColumnsPicker should render dropdown menu with column checkboxes 1`] = `
<div>
  <TableColumnsPickerstyles__StyledMenu>
    <TableColumnsPickerstyles__StyledMenuItem
      key="selectAll"
    >
      <TableColumnsPickerstyles__Draggable>
        <Checkbox
          checked={false}
          onChange={[Function]}
        >
          Select All
        </Checkbox>
      </TableColumnsPickerstyles__Draggable>
    </TableColumnsPickerstyles__StyledMenuItem>
    <TableColumnsPickerstyles__StyledDivider
      key="divider"
    />
    <TableColumnsPickerstyles__StyledMenuItem
      key="0"
    >
      <TableColumnsPickerstyles__Draggable
        index={0}
        onDrop={[Function]}
        onMove={[Function]}
        type="draggableColumn"
      >
        <Checkbox
          checked={true}
          disabled={true}
          onChange={[Function]}
        >
          Title
        </Checkbox>
      </TableColumnsPickerstyles__Draggable>
    </TableColumnsPickerstyles__StyledMenuItem>
    <TableColumnsPickerstyles__StyledMenuItem
      key="1"
    >
      <TableColumnsPickerstyles__Draggable
        index={1}
        onDrop={[Function]}
        onMove={[Function]}
        type="draggableColumn"
      >
        <Checkbox
          checked={true}
          disabled={false}
          onChange={[Function]}
        >
          Date
        </Checkbox>
      </TableColumnsPickerstyles__Draggable>
    </TableColumnsPickerstyles__StyledMenuItem>
    <TableColumnsPickerstyles__StyledMenuItem
      key="2"
    >
      <TableColumnsPickerstyles__Draggable
        index={2}
        onDrop={[Function]}
        onMove={[Function]}
        type="draggableColumn"
      >
        <Checkbox
          checked={false}
          disabled={false}
          onChange={[Function]}
        >
          Group
        </Checkbox>
      </TableColumnsPickerstyles__Draggable>
    </TableColumnsPickerstyles__StyledMenuItem>
    <TableColumnsPickerstyles__StyledMenuItem
      key="3"
    >
      <TableColumnsPickerstyles__Draggable
        index={3}
        onDrop={[Function]}
        onMove={[Function]}
        type="draggableColumn"
      >
        <Checkbox
          checked={false}
          disabled={false}
          onChange={[Function]}
        >
          Type
        </Checkbox>
      </TableColumnsPickerstyles__Draggable>
    </TableColumnsPickerstyles__StyledMenuItem>
    <TableColumnsPickerstyles__StyledMenuItem
      key="4"
    >
      <TableColumnsPickerstyles__Draggable
        index={4}
        onDrop={[Function]}
        onMove={[Function]}
        type="draggableColumn"
      >
        <Checkbox
          checked={false}
          disabled={false}
          onChange={[Function]}
        >
          State
        </Checkbox>
      </TableColumnsPickerstyles__Draggable>
    </TableColumnsPickerstyles__StyledMenuItem>
    <TableColumnsPickerstyles__StyledMenuItem
      key="5"
    >
      <TableColumnsPickerstyles__Draggable
        index={5}
        onDrop={[Function]}
        onMove={[Function]}
        type="draggableColumn"
      >
        <Checkbox
          checked={false}
          disabled={false}
          onChange={[Function]}
        >
          Engine
        </Checkbox>
      </TableColumnsPickerstyles__Draggable>
    </TableColumnsPickerstyles__StyledMenuItem>
    <TableColumnsPickerstyles__StyledMenuItem
      key="6"
    >
      <TableColumnsPickerstyles__Draggable
        index={6}
        onDrop={[Function]}
        onMove={[Function]}
        type="draggableColumn"
      >
        <Checkbox
          checked={true}
          disabled={false}
          onChange={[Function]}
        >
          Labels
        </Checkbox>
      </TableColumnsPickerstyles__Draggable>
    </TableColumnsPickerstyles__StyledMenuItem>
    <TableColumnsPickerstyles__StyledMenuItem
      key="7"
    >
      <TableColumnsPickerstyles__Draggable
        index={7}
        onDrop={[Function]}
        onMove={[Function]}
        type="draggableColumn"
      >
        <Checkbox
          checked={false}
          disabled={false}
          onChange={[Function]}
        >
          Reviewer
        </Checkbox>
      </TableColumnsPickerstyles__Draggable>
    </TableColumnsPickerstyles__StyledMenuItem>
    <TableColumnsPickerstyles__StyledMenuItem
      key="8"
    >
      <TableColumnsPickerstyles__Draggable
        index={8}
        onDrop={[Function]}
        onMove={[Function]}
        type="draggableColumn"
      >
        <Checkbox
          checked={false}
          disabled={false}
          onChange={[Function]}
        >
          Language
        </Checkbox>
      </TableColumnsPickerstyles__Draggable>
    </TableColumnsPickerstyles__StyledMenuItem>
    <TableColumnsPickerstyles__StyledMenuItem
      key="9"
    >
      <TableColumnsPickerstyles__Draggable
        index={9}
        onDrop={[Function]}
        onMove={[Function]}
        type="draggableColumn"
      >
        <Checkbox
          checked={false}
          disabled={false}
          onChange={[Function]}
        >
          LLM Type
        </Checkbox>
      </TableColumnsPickerstyles__Draggable>
    </TableColumnsPickerstyles__StyledMenuItem>
  </TableColumnsPickerstyles__StyledMenu>
</div>
`;
