// Jest Snapshot v1, https://goo.gl/fbAQLP

exports[`Component: TypographyText should render correct layout 1`] = `
<TypographyTextstyles__StyledText
  editable={
    Object {
      "enterIcon": <div>
        Icon
      </div>,
      "onChange": [MockFunction],
    }
  }
>
  Mock_DocumentName
</TypographyTextstyles__StyledText>
`;
