// Jest Snapshot v1, https://goo.gl/fbAQLP

exports[`Container: OneDriveUpload should render correctly 1`] = `
<OneDrivePicker
  disabled={true}
  files={
    Array [
      StorageFile {
        "id": "id",
        "mimeType": "application/pdf",
        "name": "name.pdf",
        "sizeBytes": 123,
      },
    ]
  }
  onFileValidationFailed={[MockFunction]}
  onSizeValidationFailed={[MockFunction]}
  setFiles={[MockFunction]}
  updateUploadStatus={
    [MockFunction] {
      "calls": Array [
        Array [
          "OneDrive",
          "PENDING",
        ],
        Array [
          "OneDrive",
          "SUCCESS",
        ],
      ],
      "results": Array [
        Object {
          "type": "return",
          "value": undefined,
        },
        Object {
          "type": "return",
          "value": undefined,
        },
      ],
    }
  }
/>
`;
