// Jest Snapshot v1, https://goo.gl/fbAQLP

exports[`Container: PrototypeData should render the correct layout 1`] = `
<PrototypeDatastyles__Wrapper>
  <PrototypeDatastyles__Column>
    <PrototypeReferenceLayout
      addField={[MockFunction]}
      fieldsViewType="fields"
      isEditMode={false}
      prototypeFields={
        Array [
          PrototypeField {
            "confidential": false,
            "fieldType": PrototypeFieldType {
              "description": Object {},
              "typeCode": "string",
            },
            "id": "fieldId1",
            "mapping": PrototypeFieldMapping {
              "keys": Array [
                "mappingKey1",
                "mappingKey2",
              ],
              "mappingDataType": "string",
              "mappingType": "one_to_one",
            },
            "name": "Test Field",
            "order": 0,
            "prototypeId": "prototypeId",
            "readOnly": false,
            "required": true,
          },
        ]
      }
      prototypeId="prototypeId"
    />
  </PrototypeDatastyles__Column>
  <PrototypeDatastyles__Column
    singleColumn={false}
  >
    <PrototypeFields
      addField={[MockFunction]}
      fields={
        Array [
          PrototypeField {
            "confidential": false,
            "fieldType": PrototypeFieldType {
              "description": Object {},
              "typeCode": "string",
            },
            "id": "fieldId1",
            "mapping": PrototypeFieldMapping {
              "keys": Array [
                "mappingKey1",
                "mappingKey2",
              ],
              "mappingDataType": "string",
              "mappingType": "one_to_one",
            },
            "name": "Test Field",
            "order": 0,
            "prototypeId": "prototypeId",
            "readOnly": false,
            "required": true,
          },
        ]
      }
      fieldsColumnsCount={1}
      isEditMode={false}
      removeField={[MockFunction]}
      toggleEditMode={[MockFunction]}
      updatePrototypeField={[MockFunction]}
    />
  </PrototypeDatastyles__Column>
</PrototypeDatastyles__Wrapper>
`;
