// Jest Snapshot v1, https://goo.gl/fbAQLP

exports[`Container: UploadDocumentButton should render correct layout 1`] = `
<React.Fragment>
  <GradientButton
    icon={<UploadIcon />}
    onClick={[Function]}
    type="primary"
  >
    Upload Documents
  </GradientButton>
  <DocumentUpload
    isVisible={false}
    onClose={[Function]}
  />
</React.Fragment>
`;
