// Jest Snapshot v1, https://goo.gl/fbAQLP

exports[`Component: CreateOrChangeTypeFieldDrawerButton should render layout correctly based on props 1`] = `
<Fragment>
  <TextButtonstyles__TextButton
    disabled={false}
    onClick={[Function]}
  >
    open_button_text
  </TextButtonstyles__TextButton>
  <CreateOrChangeTypeFieldDrawerButtonstyles__StyledDrawer
    destroyOnClose={true}
    footer={
      <CreateOrChangeTypeFieldDrawerButtonstyles__DrawerFooterWrapper>
        <CreateOrChangeTypeFieldDrawerButtonstyles__CancelButton
          onClick={[Function]}
        >
          Cancel
        </CreateOrChangeTypeFieldDrawerButtonstyles__CancelButton>
        <ForwardRef
          disabled={true}
          loading={false}
          onClick={[Function]}
          type="primary"
        >
          Submit
        </ForwardRef>
      </CreateOrChangeTypeFieldDrawerButtonstyles__DrawerFooterWrapper>
    }
    getContainer={[Function]}
    hasCloseIcon={false}
    onClose={[Function]}
    open={false}
    title="Add Extraction Field"
    width="36rem"
  >
    <Component
      formState={Object {}}
      getValues={[MockFunction]}
      handleSubmit={[MockFunction]}
    >
      <CreateOrChangeTypeFieldForm />
    </Component>
  </CreateOrChangeTypeFieldDrawerButtonstyles__StyledDrawer>
</Fragment>
`;
