// Jest Snapshot v1, https://goo.gl/fbAQLP

exports[`Container: DocumentImagePreview should render correct layout 1`] = `
<Fragment>
  <Connect(DocumentImagePreviewHotkeys) />
  <ImageViewer
    fetching={false}
    imageUrl="http://mockUrl.com/v5/file/test/preview/1.png"
    onAddActivePolygons={[MockFunction]}
    onClearActivePolygons={[MockFunction]}
    polygons={Array []}
    renderPageSwitcher={[MockFunction]}
    scaling={true}
  />
</Fragment>
`;
