// Jest Snapshot v1, https://goo.gl/fbAQLP

exports[`Component: UserGuideDownloadButton should render UserGuideDownloadButton component correctly 1`] = `
<div>
  <MockComponent
    icon={<UserGuideDownloadButtonstyles__StyledIcon />}
    showErrorMessage={[Function]}
  />
</div>
`;

exports[`Component: UserGuideDownloadButton should render correctly 1`] = `
<ErrorBoundary
  localBoundary={[Function]}
>
  <ModuleLoader
    url="mockUrl"
  >
    <Component />
  </ModuleLoader>
</ErrorBoundary>
`;
